Chunks: 1698, Exam questions: 1986

============================================================
BASELINE: RAW CHUNK INGESTION (repaired exam)
============================================================
W0402 18:25:39.327188 2588 site-packages\torch\distributed\elastic\multiprocessing\redirects.py:29] NOTE: Redirects are currently not supported in Windows or MacOs.
  Ingesting 1698 raw chunks...
    200/1698
    400/1698
    600/1698
    800/1698
    1000/1698
    1200/1698
    1400/1698
    1600/1698
  Done: 1698 chunks ingested.

  Running LoCoMo exam (1986 Qs, CE reranker, raw chunks)...
    Resuming exam from question 100
    EXAM baseline_raw_repaired: 110/1986 -- 48c/49w  43.6%
    EXAM baseline_raw_repaired: 120/1986 -- 54c/52w  45.0%
    EXAM baseline_raw_repaired: 130/1986 -- 58c/56w  44.6%
    EXAM baseline_raw_repaired: 140/1986 -- 64c/60w  45.7%
    EXAM baseline_raw_repaired: 150/1986 -- 68c/63w  45.3%
    EXAM baseline_raw_repaired: 160/1986 -- 73c/68w  45.6%
    EXAM baseline_raw_repaired: 170/1986 -- 79c/72w  46.5%
    EXAM baseline_raw_repaired: 180/1986 -- 79c/82w  43.9%
    EXAM baseline_raw_repaired: 190/1986 -- 82c/89w  43.2%
    EXAM baseline_raw_repaired: 200/1986 -- 83c/98w  41.5%
    EXAM baseline_raw_repaired: 210/1986 -- 87c/103w  41.4%
    EXAM baseline_raw_repaired: 220/1986 -- 90c/109w  40.9%
    EXAM baseline_raw_repaired: 230/1986 -- 95c/113w  41.3%
    EXAM baseline_raw_repaired: 240/1986 -- 99c/118w  41.2%
    EXAM baseline_raw_repaired: 250/1986 -- 102c/123w  40.8%
    EXAM baseline_raw_repaired: 260/1986 -- 108c/125w  41.5%
    EXAM baseline_raw_repaired: 270/1986 -- 113c/127w  41.9%
    EXAM baseline_raw_repaired: 280/1986 -- 118c/131w  42.1%
    EXAM baseline_raw_repaired: 290/1986 -- 121c/138w  41.7%
    EXAM baseline_raw_repaired: 300/1986 -- 127c/142w  42.3%
    EXAM baseline_raw_repaired: 310/1986 -- 132c/147w  42.6%
    EXAM baseline_raw_repaired: 320/1986 -- 137c/150w  42.8%
    EXAM baseline_raw_repaired: 330/1986 -- 139c/156w  42.1%
    EXAM baseline_raw_repaired: 340/1986 -- 140c/159w  41.2%
    EXAM baseline_raw_repaired: 350/1986 -- 146c/161w  41.7%
    EXAM baseline_raw_repaired: 360/1986 -- 148c/166w  41.1%
    EXAM baseline_raw_repaired: 370/1986 -- 152c/172w  41.1%
    EXAM baseline_raw_repaired: 380/1986 -- 158c/174w  41.6%
    EXAM baseline_raw_repaired: 390/1986 -- 163c/177w  41.8%
    EXAM baseline_raw_repaired: 400/1986 -- 169c/179w  42.2%
    EXAM baseline_raw_repaired: 410/1986 -- 177c/181w  43.2%
    EXAM baseline_raw_repaired: 420/1986 -- 181c/184w  43.1%
    EXAM baseline_raw_repaired: 430/1986 -- 188c/186w  43.7%
    EXAM baseline_raw_repaired: 440/1986 -- 196c/188w  44.5%
    EXAM baseline_raw_repaired: 450/1986 -- 203c/188w  45.1%
    EXAM baseline_raw_repaired: 460/1986 -- 210c/191w  45.7%
    EXAM baseline_raw_repaired: 470/1986 -- 212c/199w  45.1%
    EXAM baseline_raw_repaired: 480/1986 -- 216c/204w  45.0%
    EXAM baseline_raw_repaired: 490/1986 -- 220c/210w  44.9%
    EXAM baseline_raw_repaired: 500/1986 -- 224c/215w  44.8%
    EXAM baseline_raw_repaired: 510/1986 -- 228c/217w  44.7%
    EXAM baseline_raw_repaired: 520/1986 -- 234c/220w  45.0%
    EXAM baseline_raw_repaired: 530/1986 -- 235c/227w  44.3%
    EXAM baseline_raw_repaired: 540/1986 -- 237c/234w  43.9%
    EXAM baseline_raw_repaired: 550/1986 -- 240c/240w  43.6%
    EXAM baseline_raw_repaired: 560/1986 -- 241c/246w  43.0%
    EXAM baseline_raw_repaired: 570/1986 -- 246c/251w  43.2%
    EXAM baseline_raw_repaired: 580/1986 -- 247c/257w  42.6%
    EXAM baseline_raw_repaired: 590/1986 -- 250c/262w  42.4%
    EXAM baseline_raw_repaired: 600/1986 -- 257c/263w  42.8%
    EXAM baseline_raw_repaired: 610/1986 -- 265c/265w  43.4%
    EXAM baseline_raw_repaired: 620/1986 -- 271c/268w  43.7%
    EXAM baseline_raw_repaired: 630/1986 -- 278c/270w  44.1%
    EXAM baseline_raw_repaired: 640/1986 -- 284c/273w  44.4%
    EXAM baseline_raw_repaired: 650/1986 -- 289c/277w  44.5%
    EXAM baseline_raw_repaired: 660/1986 -- 295c/281w  44.7%
    EXAM baseline_raw_repaired: 670/1986 -- 300c/284w  44.8%
    EXAM baseline_raw_repaired: 680/1986 -- 308c/284w  45.3%
    EXAM baseline_raw_repaired: 690/1986 -- 313c/289w  45.4%
    EXAM baseline_raw_repaired: 700/1986 -- 317c/293w  45.3%
    EXAM baseline_raw_repaired: 710/1986 -- 321c/299w  45.2%
    EXAM baseline_raw_repaired: 720/1986 -- 322c/308w  44.7%
    EXAM baseline_raw_repaired: 730/1986 -- 326c/314w  44.7%
    EXAM baseline_raw_repaired: 740/1986 -- 328c/322w  44.3%
    EXAM baseline_raw_repaired: 750/1986 -- 329c/331w  43.9%
    EXAM baseline_raw_repaired: 760/1986 -- 331c/337w  43.6%
    EXAM baseline_raw_repaired: 770/1986 -- 331c/344w  43.0%
    EXAM baseline_raw_repaired: 780/1986 -- 334c/347w  42.8%
    EXAM baseline_raw_repaired: 790/1986 -- 339c/349w  42.9%
    EXAM baseline_raw_repaired: 800/1986 -- 342c/352w  42.8%
    EXAM baseline_raw_repaired: 810/1986 -- 347c/356w  42.8%
    EXAM baseline_raw_repaired: 820/1986 -- 351c/362w  42.8%
    EXAM baseline_raw_repaired: 830/1986 -- 355c/366w  42.8%
    EXAM baseline_raw_repaired: 840/1986 -- 364c/366w  43.3%
    EXAM baseline_raw_repaired: 850/1986 -- 368c/370w  43.3%
    EXAM baseline_raw_repaired: 860/1986 -- 376c/371w  43.7%
    EXAM baseline_raw_repaired: 870/1986 -- 384c/373w  44.1%
    EXAM baseline_raw_repaired: 880/1986 -- 390c/377w  44.3%
    EXAM baseline_raw_repaired: 890/1986 -- 396c/379w  44.5%
    EXAM baseline_raw_repaired: 900/1986 -- 403c/382w  44.8%
    EXAM baseline_raw_repaired: 910/1986 -- 408c/387w  44.8%
    EXAM baseline_raw_repaired: 920/1986 -- 413c/388w  44.9%
    EXAM baseline_raw_repaired: 930/1986 -- 419c/391w  45.1%
    EXAM baseline_raw_repaired: 940/1986 -- 425c/395w  45.2%
    EXAM baseline_raw_repaired: 950/1986 -- 429c/401w  45.2%
    EXAM baseline_raw_repaired: 960/1986 -- 433c/407w  45.1%
    EXAM baseline_raw_repaired: 970/1986 -- 435c/414w  44.8%
    EXAM baseline_raw_repaired: 980/1986 -- 437c/422w  44.6%
    EXAM baseline_raw_repaired: 990/1986 -- 441c/428w  44.5%
    EXAM baseline_raw_repaired: 1000/1986 -- 443c/436w  44.3%
    EXAM baseline_raw_repaired: 1010/1986 -- 446c/440w  44.2%
    EXAM baseline_raw_repaired: 1020/1986 -- 448c/447w  43.9%
    EXAM baseline_raw_repaired: 1030/1986 -- 454c/450w  44.1%
    EXAM baseline_raw_repaired: 1040/1986 -- 457c/454w  43.9%
    EXAM baseline_raw_repaired: 1050/1986 -- 460c/460w  43.8%
    EXAM baseline_raw_repaired: 1060/1986 -- 460c/468w  43.4%
    EXAM baseline_raw_repaired: 1070/1986 -- 467c/469w  43.6%
    EXAM baseline_raw_repaired: 1080/1986 -- 472c/472w  43.7%
    EXAM baseline_raw_repaired: 1090/1986 -- 476c/477w  43.7%
    EXAM baseline_raw_repaired: 1100/1986 -- 483c/480w  43.9%
    EXAM baseline_raw_repaired: 1110/1986 -- 489c/482w  44.1%
    EXAM baseline_raw_repaired: 1120/1986 -- 494c/486w  44.1%
    EXAM baseline_raw_repaired: 1130/1986 -- 498c/492w  44.1%
    EXAM baseline_raw_repaired: 1140/1986 -- 500c/500w  43.9%
    EXAM baseline_raw_repaired: 1150/1986 -- 500c/510w  43.5%
    EXAM baseline_raw_repaired: 1160/1986 -- 502c/518w  43.3%
    EXAM baseline_raw_repaired: 1170/1986 -- 504c/526w  43.1%
    EXAM baseline_raw_repaired: 1180/1986 -- 508c/531w  43.1%
    EXAM baseline_raw_repaired: 1190/1986 -- 512c/537w  43.0%
    EXAM baseline_raw_repaired: 1200/1986 -- 514c/544w  42.8%
    EXAM baseline_raw_repaired: 1210/1986 -- 515c/551w  42.6%
    EXAM baseline_raw_repaired: 1220/1986 -- 516c/558w  42.3%
    EXAM baseline_raw_repaired: 1230/1986 -- 522c/561w  42.4%
    EXAM baseline_raw_repaired: 1240/1986 -- 527c/565w  42.5%
    EXAM baseline_raw_repaired: 1250/1986 -- 535c/565w  42.8%
    EXAM baseline_raw_repaired: 1260/1986 -- 543c/567w  43.1%
    EXAM baseline_raw_repaired: 1270/1986 -- 550c/570w  43.3%
    EXAM baseline_raw_repaired: 1280/1986 -- 557c/572w  43.5%
    EXAM baseline_raw_repaired: 1290/1986 -- 564c/574w  43.7%
    EXAM baseline_raw_repaired: 1300/1986 -- 568c/576w  43.7%
    EXAM baseline_raw_repaired: 1310/1986 -- 571c/581w  43.6%
    EXAM baseline_raw_repaired: 1320/1986 -- 572c/590w  43.3%
    EXAM baseline_raw_repaired: 1330/1986 -- 574c/598w  43.2%
    EXAM baseline_raw_repaired: 1340/1986 -- 575c/607w  42.9%
    EXAM baseline_raw_repaired: 1350/1986 -- 576c/614w  42.7%
    EXAM baseline_raw_repaired: 1360/1986 -- 582c/617w  42.8%
    EXAM baseline_raw_repaired: 1370/1986 -- 586c/620w  42.8%
    EXAM baseline_raw_repaired: 1380/1986 -- 587c/627w  42.5%
    EXAM baseline_raw_repaired: 1390/1986 -- 589c/633w  42.4%
    EXAM baseline_raw_repaired: 1400/1986 -- 594c/638w  42.4%
    EXAM baseline_raw_repaired: 1410/1986 -- 598c/644w  42.4%
    EXAM baseline_raw_repaired: 1420/1986 -- 604c/648w  42.5%
    EXAM baseline_raw_repaired: 1430/1986 -- 609c/653w  42.6%
    EXAM baseline_raw_repaired: 1440/1986 -- 611c/655w  42.4%
    EXAM baseline_raw_repaired: 1450/1986 -- 619c/657w  42.7%
    EXAM baseline_raw_repaired: 1460/1986 -- 624c/661w  42.7%
    EXAM baseline_raw_repaired: 1470/1986 -- 628c/666w  42.7%
    EXAM baseline_raw_repaired: 1480/1986 -- 636c/666w  43.0%
    EXAM baseline_raw_repaired: 1490/1986 -- 641c/667w  43.0%
    EXAM baseline_raw_repaired: 1500/1986 -- 647c/669w  43.1%
    EXAM baseline_raw_repaired: 1510/1986 -- 654c/671w  43.3%
    EXAM baseline_raw_repaired: 1520/1986 -- 658c/675w  43.3%
    EXAM baseline_raw_repaired: 1530/1986 -- 663c/680w  43.3%
    EXAM baseline_raw_repaired: 1540/1986 -- 670c/683w  43.5%
    EXAM baseline_raw_repaired: 1550/1986 -- 672c/691w  43.4%
    EXAM baseline_raw_repaired: 1560/1986 -- 673c/700w  43.1%
    EXAM baseline_raw_repaired: 1570/1986 -- 677c/706w  43.1%
    EXAM baseline_raw_repaired: 1580/1986 -- 677c/716w  42.8%
    EXAM baseline_raw_repaired: 1590/1986 -- 681c/721w  42.8%
    EXAM baseline_raw_repaired: 1600/1986 -- 685c/726w  42.8%
    EXAM baseline_raw_repaired: 1610/1986 -- 690c/728w  42.9%
    EXAM baseline_raw_repaired: 1620/1986 -- 694c/732w  42.8%
    EXAM baseline_raw_repaired: 1630/1986 -- 697c/736w  42.8%
    EXAM baseline_raw_repaired: 1640/1986 -- 697c/740w  42.5%
    EXAM baseline_raw_repaired: 1650/1986 -- 700c/746w  42.4%
    EXAM baseline_raw_repaired: 1660/1986 -- 704c/751w  42.4%
    EXAM baseline_raw_repaired: 1670/1986 -- 706c/756w  42.3%
    EXAM baseline_raw_repaired: 1680/1986 -- 711c/758w  42.3%
    EXAM baseline_raw_repaired: 1690/1986 -- 716c/763w  42.4%
    EXAM baseline_raw_repaired: 1700/1986 -- 721c/768w  42.4%
    EXAM baseline_raw_repaired: 1710/1986 -- 726c/771w  42.5%
    EXAM baseline_raw_repaired: 1720/1986 -- 731c/774w  42.5%
    EXAM baseline_raw_repaired: 1730/1986 -- 738c/776w  42.7%
    EXAM baseline_raw_repaired: 1740/1986 -- 743c/780w  42.7%
    EXAM baseline_raw_repaired: 1750/1986 -- 744c/787w  42.5%
    EXAM baseline_raw_repaired: 1760/1986 -- 744c/796w  42.3%
    EXAM baseline_raw_repaired: 1770/1986 -- 746c/804w  42.1%
    EXAM baseline_raw_repaired: 1780/1986 -- 749c/811w  42.1%
    EXAM baseline_raw_repaired: 1790/1986 -- 751c/815w  42.0%
    EXAM baseline_raw_repaired: 1800/1986 -- 755c/819w  41.9%
    EXAM baseline_raw_repaired: 1810/1986 -- 761c/822w  42.0%
    EXAM baseline_raw_repaired: 1820/1986 -- 766c/825w  42.1%
    EXAM baseline_raw_repaired: 1830/1986 -- 772c/829w  42.2%
    EXAM baseline_raw_repaired: 1840/1986 -- 775c/834w  42.1%
    EXAM baseline_raw_repaired: 1850/1986 -- 776c/840w  41.9%
    EXAM baseline_raw_repaired: 1860/1986 -- 784c/842w  42.2%
    EXAM baseline_raw_repaired: 1870/1986 -- 790c/845w  42.2%
    EXAM baseline_raw_repaired: 1880/1986 -- 797c/847w  42.4%
    EXAM baseline_raw_repaired: 1890/1986 -- 806c/848w  42.6%
    EXAM baseline_raw_repaired: 1900/1986 -- 812c/852w  42.7%
    EXAM baseline_raw_repaired: 1910/1986 -- 817c/854w  42.8%
    EXAM baseline_raw_repaired: 1920/1986 -- 823c/856w  42.9%
    EXAM baseline_raw_repaired: 1930/1986 -- 833c/856w  43.2%
    EXAM baseline_raw_repaired: 1940/1986 -- 840c/858w  43.3%
    EXAM baseline_raw_repaired: 1950/1986 -- 843c/865w  43.2%
    EXAM baseline_raw_repaired: 1960/1986 -- 846c/872w  43.2%
    EXAM baseline_raw_repaired: 1970/1986 -- 850c/878w  43.1%
    EXAM baseline_raw_repaired: 1980/1986 -- 854c/884w  43.1%

============================================================
  Raw ingestion baseline: 43.1% (855/1986)
  Transcript: results\exam_baseline_raw_repaired.json
============================================================
Exception ignored in: <function _ProactorBasePipeTransport.__del__ at 0x000002787A9E4310>
Traceback (most recent call last):
  File "C:\Users\logte\AppData\Local\Programs\Python\Python310\lib\asyncio\proactor_events.py", line 116, in __del__
    self.close()
  File "C:\Users\logte\AppData\Local\Programs\Python\Python310\lib\asyncio\proactor_events.py", line 108, in close
    self._loop.call_soon(self._call_connection_lost, None)
  File "C:\Users\logte\AppData\Local\Programs\Python\Python310\lib\asyncio\base_events.py", line 745, in call_soon
    self._check_closed()
  File "C:\Users\logte\AppData\Local\Programs\Python\Python310\lib\asyncio\base_events.py", line 510, in _check_closed
    raise RuntimeError('Event loop is closed')
RuntimeError: Event loop is closed
